%%dummy log file to test commit